// Jest Snapshot v1, https://goo.gl/fbAQLP

exports[`CellTd Component should mount without crashing 1`] = `
VueWrapper {
  "_emitted": Object {},
  "_emittedByOrder": Array [],
  "isFunctionalComponent": undefined,
}
`;
